[2026-09-15T15:30:34] WAIT actor_cv6 pid=3147 completed=12/54
[2026-09-15T15:31:04] WAIT actor_cv6 pid=3147 completed=12/54
[2026-09-15T15:31:34] WAIT actor_cv6 pid=3147 completed=13/54
[2026-09-15T15:32:04] WAIT actor_cv6 pid=3147 completed=13/54
[2026-09-15T15:32:34] WAIT actor_cv6 pid=3147 completed=13/54
[2026-09-15T15:33:04] WAIT actor_cv6 pid=3147 completed=13/54
[2026-09-15T15:33:34] WAIT actor_cv6 pid=3147 completed=14/54
[2026-09-15T15:34:04] WAIT actor_cv6 pid=3147 completed=14/54
[2026-09-15T15:34:34] WAIT actor_cv6 pid=3147 completed=14/54
[2026-09-15T15:35:04] WAIT actor_cv6 pid=3147 completed=14/54
[2026-09-15T15:35:34] WAIT actor_cv6 pid=3147 completed=14/54
[2026-09-15T15:36:04] WAIT actor_cv6 pid=3147 completed=15/54
[2026-09-15T15:36:34] WAIT actor_cv6 pid=3147 completed=15/54
[2026-09-15T15:37:04] WAIT actor_cv6 pid=3147 completed=15/54
[2026-09-15T15:37:34] WAIT actor_cv6 pid=3147 completed=15/54
[2026-09-15T15:38:04] WAIT actor_cv6 pid=3147 completed=15/54
[2026-09-15T15:38:34] WAIT actor_cv6 pid=3147 completed=16/54
[2026-09-15T15:39:04] WAIT actor_cv6 pid=3147 completed=16/54
[2026-09-15T15:39:34] WAIT actor_cv6 pid=3147 completed=16/54
[2026-09-15T15:40:04] WAIT actor_cv6 pid=3147 completed=16/54
[2026-09-15T15:40:34] WAIT actor_cv6 pid=3147 completed=16/54
[2026-09-15T15:41:04] WAIT actor_cv6 pid=3147 completed=17/54
[2026-09-15T15:41:34] WAIT actor_cv6 pid=3147 completed=17/54
[2026-09-15T15:42:04] WAIT actor_cv6 pid=3147 completed=17/54
[2026-09-15T15:42:34] WAIT actor_cv6 pid=3147 completed=17/54
[2026-09-15T15:43:04] WAIT actor_cv6 pid=3147 completed=17/54
[2026-09-15T15:43:34] WAIT actor_cv6 pid=3147 completed=18/54
[2026-09-15T15:44:04] WAIT actor_cv6 pid=3147 completed=18/54
[2026-09-15T15:44:34] WAIT actor_cv6 pid=3147 completed=18/54
[2026-09-15T15:45:04] WAIT actor_cv6 pid=3147 completed=18/54
[2026-09-15T15:45:34] WAIT actor_cv6 pid=3147 completed=19/54
[2026-09-15T15:46:04] WAIT actor_cv6 pid=3147 completed=19/54
[2026-09-15T15:46:34] WAIT actor_cv6 pid=3147 completed=19/54
[2026-09-15T15:47:04] WAIT actor_cv6 pid=3147 completed=19/54
[2026-09-15T15:47:34] WAIT actor_cv6 pid=3147 completed=19/54
[2026-09-15T15:48:04] WAIT actor_cv6 pid=3147 completed=20/54
[2026-09-15T15:48:34] WAIT actor_cv6 pid=3147 completed=20/54
[2026-09-15T15:49:04] WAIT actor_cv6 pid=3147 completed=20/54
[2026-09-15T15:49:34] WAIT actor_cv6 pid=3147 completed=20/54
[2026-09-15T15:50:04] WAIT actor_cv6 pid=3147 completed=21/54
[2026-09-15T15:50:34] WAIT actor_cv6 pid=3147 completed=21/54
[2026-09-15T15:51:04] WAIT actor_cv6 pid=3147 completed=21/54
[2026-09-15T15:51:34] WAIT actor_cv6 pid=3147 completed=21/54
[2026-09-15T15:52:04] WAIT actor_cv6 pid=3147 completed=21/54
[2026-09-15T15:52:34] WAIT actor_cv6 pid=3147 completed=22/54
[2026-09-15T15:53:04] WAIT actor_cv6 pid=3147 completed=22/54
[2026-09-15T15:53:34] WAIT actor_cv6 pid=3147 completed=22/54
[2026-09-15T15:54:04] WAIT actor_cv6 pid=3147 completed=22/54
[2026-09-15T15:54:34] WAIT actor_cv6 pid=3147 completed=22/54
[2026-09-15T15:55:04] WAIT actor_cv6 pid=3147 completed=22/54
[2026-09-15T15:55:34] WAIT actor_cv6 pid=3147 completed=23/54
[2026-09-15T15:56:04] WAIT actor_cv6 pid=3147 completed=23/54
[2026-09-15T15:56:34] WAIT actor_cv6 pid=3147 completed=23/54
[2026-09-15T15:57:04] WAIT actor_cv6 pid=3147 completed=23/54
[2026-09-15T15:57:34] WAIT actor_cv6 pid=3147 completed=24/54
[2026-09-15T15:58:04] WAIT actor_cv6 pid=3147 completed=24/54
[2026-09-15T15:58:34] WAIT actor_cv6 pid=3147 completed=24/54
[2026-09-15T15:59:04] WAIT actor_cv6 pid=3147 completed=24/54
[2026-09-15T15:59:34] WAIT actor_cv6 pid=3147 completed=24/54
[2026-09-15T16:00:03] WAIT actor_cv6 pid=3147 completed=25/54
[2026-09-15T16:00:33] WAIT actor_cv6 pid=3147 completed=25/54
[2026-09-15T16:01:03] WAIT actor_cv6 pid=3147 completed=25/54
[2026-09-15T16:01:33] WAIT actor_cv6 pid=3147 completed=25/54
[2026-09-15T16:02:03] WAIT actor_cv6 pid=3147 completed=25/54
[2026-09-15T16:02:33] WAIT actor_cv6 pid=3147 completed=26/54
[2026-09-15T16:03:03] WAIT actor_cv6 pid=3147 completed=26/54
[2026-09-15T16:03:33] WAIT actor_cv6 pid=3147 completed=26/54
[2026-09-15T16:04:03] WAIT actor_cv6 pid=3147 completed=26/54
[2026-09-15T16:04:33] WAIT actor_cv6 pid=3147 completed=26/54
[2026-09-15T16:05:03] WAIT actor_cv6 pid=3147 completed=27/54
[2026-09-15T16:05:33] WAIT actor_cv6 pid=3147 completed=27/54
[2026-09-15T16:06:03] WAIT actor_cv6 pid=3147 completed=27/54
[2026-09-15T16:06:33] WAIT actor_cv6 pid=3147 completed=27/54
[2026-09-15T16:07:03] WAIT actor_cv6 pid=3147 completed=28/54
[2026-09-15T16:07:33] WAIT actor_cv6 pid=3147 completed=28/54
[2026-09-15T16:08:03] WAIT actor_cv6 pid=3147 completed=28/54
[2026-09-15T16:08:33] WAIT actor_cv6 pid=3147 completed=28/54
[2026-09-15T16:09:03] WAIT actor_cv6 pid=3147 completed=28/54
[2026-09-15T16:09:33] WAIT actor_cv6 pid=3147 completed=29/54
[2026-09-15T16:10:03] WAIT actor_cv6 pid=3147 completed=29/54
[2026-09-15T16:10:33] WAIT actor_cv6 pid=3147 completed=29/54
[2026-09-15T16:11:03] WAIT actor_cv6 pid=3147 completed=29/54
[2026-09-15T16:11:33] WAIT actor_cv6 pid=3147 completed=30/54
[2026-09-15T16:12:03] WAIT actor_cv6 pid=3147 completed=30/54
[2026-09-15T16:12:33] WAIT actor_cv6 pid=3147 completed=30/54
[2026-09-15T16:13:03] WAIT actor_cv6 pid=3147 completed=30/54
[2026-09-15T16:13:33] WAIT actor_cv6 pid=3147 completed=30/54
[2026-09-15T16:14:03] WAIT actor_cv6 pid=3147 completed=31/54
[2026-09-15T16:14:33] WAIT actor_cv6 pid=3147 completed=31/54
[2026-09-15T16:15:03] WAIT actor_cv6 pid=3147 completed=31/54
[2026-09-15T16:15:33] WAIT actor_cv6 pid=3147 completed=31/54
[2026-09-15T16:16:03] WAIT actor_cv6 pid=3147 completed=31/54
[2026-09-15T16:16:33] WAIT actor_cv6 pid=3147 completed=32/54
[2026-09-15T16:17:03] WAIT actor_cv6 pid=3147 completed=32/54
[2026-09-15T16:17:33] WAIT actor_cv6 pid=3147 completed=32/54
[2026-09-15T16:18:03] WAIT actor_cv6 pid=3147 completed=32/54
[2026-09-15T16:18:33] WAIT actor_cv6 pid=3147 completed=32/54
[2026-09-15T16:19:03] WAIT actor_cv6 pid=3147 completed=33/54
[2026-09-15T16:19:33] WAIT actor_cv6 pid=3147 completed=33/54
[2026-09-15T16:20:03] WAIT actor_cv6 pid=3147 completed=33/54
[2026-09-15T16:20:33] WAIT actor_cv6 pid=3147 completed=33/54
[2026-09-15T16:21:03] WAIT actor_cv6 pid=3147 completed=33/54
[2026-09-15T16:21:33] WAIT actor_cv6 pid=3147 completed=34/54
[2026-09-15T16:22:03] WAIT actor_cv6 pid=3147 completed=34/54
[2026-09-15T16:22:33] WAIT actor_cv6 pid=3147 completed=34/54
[2026-09-15T16:23:03] WAIT actor_cv6 pid=3147 completed=34/54
[2026-09-15T16:23:33] WAIT actor_cv6 pid=3147 completed=34/54
[2026-09-15T16:24:03] WAIT actor_cv6 pid=3147 completed=35/54
[2026-09-15T16:24:33] WAIT actor_cv6 pid=3147 completed=35/54
[2026-09-15T16:25:03] WAIT actor_cv6 pid=3147 completed=35/54
[2026-09-15T16:25:33] WAIT actor_cv6 pid=3147 completed=35/54
[2026-09-15T16:26:03] WAIT actor_cv6 pid=3147 completed=35/54
[2026-09-15T16:26:33] WAIT actor_cv6 pid=3147 completed=36/54
[2026-09-15T16:27:03] WAIT actor_cv6 pid=3147 completed=36/54
[2026-09-15T16:27:33] WAIT actor_cv6 pid=3147 completed=36/54
[2026-09-15T16:28:03] WAIT actor_cv6 pid=3147 completed=36/54
[2026-09-15T16:28:33] WAIT actor_cv6 pid=3147 completed=37/54
[2026-09-15T16:29:03] WAIT actor_cv6 pid=3147 completed=37/54
[2026-09-15T16:29:33] WAIT actor_cv6 pid=3147 completed=37/54
[2026-09-15T16:30:03] WAIT actor_cv6 pid=3147 completed=37/54
[2026-09-15T16:30:33] WAIT actor_cv6 pid=3147 completed=37/54
[2026-09-15T16:31:03] WAIT actor_cv6 pid=3147 completed=38/54
[2026-09-15T16:31:33] WAIT actor_cv6 pid=3147 completed=38/54
[2026-09-15T16:32:03] WAIT actor_cv6 pid=3147 completed=38/54
[2026-09-15T16:32:33] WAIT actor_cv6 pid=3147 completed=38/54
[2026-09-15T16:33:03] WAIT actor_cv6 pid=3147 completed=39/54
[2026-09-15T16:33:33] WAIT actor_cv6 pid=3147 completed=39/54
[2026-09-15T16:34:03] WAIT actor_cv6 pid=3147 completed=39/54
[2026-09-15T16:34:33] WAIT actor_cv6 pid=3147 completed=39/54
[2026-09-15T16:35:03] WAIT actor_cv6 pid=3147 completed=39/54
[2026-09-15T16:35:33] WAIT actor_cv6 pid=3147 completed=39/54
[2026-09-15T16:36:03] WAIT actor_cv6 pid=3147 completed=40/54
[2026-09-15T16:36:33] WAIT actor_cv6 pid=3147 completed=40/54
[2026-09-15T16:37:03] WAIT actor_cv6 pid=3147 completed=40/54
[2026-09-15T16:37:33] WAIT actor_cv6 pid=3147 completed=40/54
[2026-09-15T16:38:03] WAIT actor_cv6 pid=3147 completed=41/54
[2026-09-15T16:38:33] WAIT actor_cv6 pid=3147 completed=41/54
[2026-09-15T16:39:03] WAIT actor_cv6 pid=3147 completed=41/54
[2026-09-15T16:39:33] WAIT actor_cv6 pid=3147 completed=41/54
[2026-09-15T16:40:03] WAIT actor_cv6 pid=3147 completed=41/54
[2026-09-15T16:40:33] WAIT actor_cv6 pid=3147 completed=42/54
[2026-09-15T16:41:03] WAIT actor_cv6 pid=3147 completed=42/54
[2026-09-15T16:41:33] WAIT actor_cv6 pid=3147 completed=42/54
[2026-09-15T16:42:03] WAIT actor_cv6 pid=3147 completed=42/54
[2026-09-15T16:42:33] WAIT actor_cv6 pid=3147 completed=42/54
[2026-09-15T16:43:03] WAIT actor_cv6 pid=3147 completed=43/54
[2026-09-15T16:43:33] WAIT actor_cv6 pid=3147 completed=43/54
[2026-09-15T16:44:03] WAIT actor_cv6 pid=3147 completed=43/54
[2026-09-15T16:44:33] WAIT actor_cv6 pid=3147 completed=43/54
[2026-09-15T16:45:03] WAIT actor_cv6 pid=3147 completed=43/54
[2026-09-15T16:45:33] WAIT actor_cv6 pid=3147 completed=44/54
[2026-09-15T16:46:03] WAIT actor_cv6 pid=3147 completed=44/54
[2026-09-15T16:46:33] WAIT actor_cv6 pid=3147 completed=44/54
[2026-09-15T16:47:03] WAIT actor_cv6 pid=3147 completed=44/54
[2026-09-15T16:47:33] WAIT actor_cv6 pid=3147 completed=44/54
[2026-09-15T16:48:03] WAIT actor_cv6 pid=3147 completed=45/54
[2026-09-15T16:48:33] WAIT actor_cv6 pid=3147 completed=45/54
[2026-09-15T16:49:03] WAIT actor_cv6 pid=3147 completed=45/54
[2026-09-15T16:49:33] WAIT actor_cv6 pid=3147 completed=45/54
[2026-09-15T16:50:03] WAIT actor_cv6 pid=3147 completed=45/54
[2026-09-15T16:50:33] WAIT actor_cv6 pid=3147 completed=46/54
[2026-09-15T16:51:03] WAIT actor_cv6 pid=3147 completed=46/54
[2026-09-15T16:51:33] WAIT actor_cv6 pid=3147 completed=46/54
[2026-09-15T16:52:03] WAIT actor_cv6 pid=3147 completed=46/54
[2026-09-15T16:52:33] WAIT actor_cv6 pid=3147 completed=47/54
[2026-09-15T16:53:03] WAIT actor_cv6 pid=3147 completed=47/54
[2026-09-15T16:53:33] WAIT actor_cv6 pid=3147 completed=47/54
[2026-09-15T16:54:03] WAIT actor_cv6 pid=3147 completed=47/54
[2026-09-15T16:54:33] WAIT actor_cv6 pid=3147 completed=47/54
[2026-09-15T16:55:03] WAIT actor_cv6 pid=3147 completed=48/54
[2026-09-15T16:55:33] WAIT actor_cv6 pid=3147 completed=48/54
[2026-09-15T16:56:03] WAIT actor_cv6 pid=3147 completed=48/54
[2026-09-15T16:56:33] WAIT actor_cv6 pid=3147 completed=48/54
[2026-09-15T16:57:03] WAIT actor_cv6 pid=3147 completed=48/54
[2026-09-15T16:57:33] WAIT actor_cv6 pid=3147 completed=49/54
[2026-09-15T16:58:03] WAIT actor_cv6 pid=3147 completed=49/54
[2026-09-15T16:58:33] WAIT actor_cv6 pid=3147 completed=49/54
[2026-09-15T16:59:03] WAIT actor_cv6 pid=3147 completed=49/54
[2026-09-15T16:59:33] WAIT actor_cv6 pid=3147 completed=49/54
[2026-09-15T17:00:03] WAIT actor_cv6 pid=3147 completed=50/54
[2026-09-15T17:00:33] WAIT actor_cv6 pid=3147 completed=50/54
[2026-09-15T17:01:03] WAIT actor_cv6 pid=3147 completed=50/54
[2026-09-15T17:01:33] WAIT actor_cv6 pid=3147 completed=50/54
[2026-09-15T17:02:03] WAIT actor_cv6 pid=3147 completed=50/54
[2026-09-15T17:02:33] WAIT actor_cv6 pid=3147 completed=51/54
[2026-09-15T17:03:03] WAIT actor_cv6 pid=3147 completed=51/54
[2026-09-15T17:03:33] WAIT actor_cv6 pid=3147 completed=51/54
[2026-09-15T17:04:03] WAIT actor_cv6 pid=3147 completed=51/54
[2026-09-15T17:04:33] WAIT actor_cv6 pid=3147 completed=51/54
[2026-09-15T17:05:03] WAIT actor_cv6 pid=3147 completed=52/54
[2026-09-15T17:05:33] WAIT actor_cv6 pid=3147 completed=52/54
[2026-09-15T17:06:03] WAIT actor_cv6 pid=3147 completed=52/54
[2026-09-15T17:06:33] WAIT actor_cv6 pid=3147 completed=52/54
[2026-09-15T17:07:03] WAIT actor_cv6 pid=3147 completed=52/54
[2026-09-15T17:07:33] WAIT actor_cv6 pid=3147 completed=53/54
[2026-09-15T17:08:03] WAIT actor_cv6 pid=3147 completed=53/54
[2026-09-15T17:08:33] WAIT actor_cv6 pid=3147 completed=53/54
[2026-09-15T17:09:03] WAIT actor_cv6 pid=3147 completed=53/54
[2026-09-15T17:09:33] WAIT actor_cv6 pid=3147 completed=53/54
[2026-09-15T17:10:03] START actor_cv6_analysis: /root/autodl-tmp/kfair/fastenv2/bin/python analyze_actor_cv6.py
                       method  n_folds  n_runs  ser_mean  ser_std  ser_min_fold  ser_max_fold  aligned_ser_mean  aligned_ser_std  aligned_ser_min_fold  aligned_ser_max_fold  conflict_acoustic_follow_mean  conflict_acoustic_follow_std  conflict_acoustic_follow_min_fold  conflict_acoustic_follow_max_fold  conflict_semantic_follow_mean  conflict_semantic_follow_std  conflict_semantic_follow_min_fold  conflict_semantic_follow_max_fold  conflict_margin_mean  conflict_margin_std  conflict_margin_min_fold  conflict_margin_max_fold
                     baseline        6       6  0.436632 0.092081      0.291667      0.546875          0.447917         0.083073              0.312500              0.531250                       0.425347                      0.102786                           0.270833                           0.562500                       0.187500                      0.031595                           0.145833                           0.229167              1.162760             0.413226                  0.768229                  1.697917
     decision_adapter_layer25        6      18  0.755208 0.110343      0.574653      0.913194          0.750000         0.114867              0.562500              0.916667                       0.760417                      0.106184                           0.586806                           0.909722                       0.076968                      0.036774                           0.027778                           0.138889              3.374060             0.720681                  2.009983                  4.092231
full_sequence_adapter_layer22        6      18  0.761285 0.062536      0.671875      0.862847          0.763889         0.068360              0.666667              0.875000                       0.758681                      0.057841                           0.677083                           0.850694                       0.078704                      0.022574                           0.045139                           0.114583              3.491319             0.444846                  2.872830                  4.089627
        ordinary_lora_layer22        6      18  0.779514 0.103161      0.631944      0.935764          0.779514         0.101938              0.625000              0.927083                       0.779514                      0.104968                           0.638889                           0.944444                       0.072917                      0.034091                           0.020833                           0.121528              5.440068             1.069812                  4.010634                  7.071832
                       method  n_folds  delta_ser_mean  delta_ser_std  delta_ser_min_fold  delta_ser_max_fold  delta_ser_wilcoxon_p  delta_aligned_ser_mean  delta_aligned_ser_std  delta_aligned_ser_min_fold  delta_aligned_ser_max_fold  delta_aligned_ser_wilcoxon_p  delta_conflict_acoustic_follow_mean  delta_conflict_acoustic_follow_std  delta_conflict_acoustic_follow_min_fold  delta_conflict_acoustic_follow_max_fold  delta_conflict_acoustic_follow_wilcoxon_p  delta_conflict_semantic_follow_mean  delta_conflict_semantic_follow_std  delta_conflict_semantic_follow_min_fold  delta_conflict_semantic_follow_max_fold  delta_conflict_semantic_follow_wilcoxon_p  delta_conflict_margin_mean  delta_conflict_margin_std  delta_conflict_margin_min_fold  delta_conflict_margin_max_fold  delta_conflict_margin_wilcoxon_p
     decision_adapter_layer25        6        0.318576       0.162420            0.105903            0.501736               0.03125                0.302083               0.154504                    0.093750                    0.479167                       0.03125                             0.335069                            0.171526                                 0.118056                                 0.524306                                    0.03125                            -0.110532                            0.054390                                -0.173611                                -0.048611                                    0.03125                    2.211299                   0.783615                        0.964410                        3.191840                           0.03125
full_sequence_adapter_layer22        6        0.324653       0.115979            0.203125            0.467014               0.03125                0.315972               0.104305                    0.197917                    0.437500                       0.03125                             0.333333                            0.128875                                 0.208333                                 0.496528                                    0.03125                            -0.108796                            0.036527                                -0.152778                                -0.072917                                    0.03125                    2.328559                   0.489724                        1.827257                        3.189236                           0.03125
        ordinary_lora_layer22        6        0.342882       0.163397            0.163194            0.543403               0.03125                0.331597               0.150724                    0.156250                    0.520833                       0.03125                             0.354167                            0.177566                                 0.170139                                 0.565972                                    0.03125                            -0.114583                            0.053024                                -0.177083                                -0.065972                                    0.03125                    4.277308                   1.202168                        2.965061                        6.171441                           0.03125
WROTE /root/autodl-tmp/kfair/outputs/actor_cv6_aggregate.csv /root/autodl-tmp/kfair/outputs/actor_cv6_fold_seed_metrics.csv /root/autodl-tmp/kfair/outputs/actor_cv6_actor_metrics.csv /root/autodl-tmp/kfair/outputs/actor_cv6_paired_effects.csv
[2026-09-15T17:10:05] DONE actor_cv6_analysis
[2026-09-15T17:10:05] START qwen_behavior: /root/autodl-tmp/kfair/fastenv2/bin/python run_qwen_behavioral_replication.py --overwrite
Unrecognized keys in `rope_scaling` for 'rope_type'='default': {'mrope_section'}
`torch_dtype` is deprecated! Use `dtype` instead!
You are attempting to use Flash Attention 2 without specifying a torch dtype. This might lead to unexpected behaviour
Loading checkpoint shards:   0%|          | 0/5 [00:00<?, ?it/s]Loading checkpoint shards:  20%|██        | 1/5 [00:01<00:04,  1.06s/it]Loading checkpoint shards:  40%|████      | 2/5 [00:01<00:02,  1.05it/s]Loading checkpoint shards:  60%|██████    | 3/5 [00:02<00:01,  1.09it/s]Loading checkpoint shards:  80%|████████  | 4/5 [00:03<00:00,  1.25it/s]Loading checkpoint shards: 100%|██████████| 5/5 [00:03<00:00,  1.45it/s]
Traceback (most recent call last):
  File "/root/autodl-tmp/kfair/code/run_qwen_behavioral_replication.py", line 279, in <module>
    main()
  File "/root/autodl-tmp/kfair/code/run_qwen_behavioral_replication.py", line 248, in main
    model, processor = load_model()
                       ^^^^^^^^^^^^
  File "/root/autodl-tmp/kfair/code/run_qwen_behavioral_replication.py", line 89, in load_model
    model = Qwen2_5OmniForConditionalGeneration.from_pretrained(
            ^^^^^^^^^^^^^^^^^^^^^^^^^^^^^^^^^^^^^^^^^^^^^^^^^^^^
  File "/root/autodl-tmp/kfair/fastenv2/lib/python3.12/site-packages/transformers/models/qwen2_5_omni/modeling_qwen2_5_omni.py", line 3780, in from_pretrained
    model.load_speakers(spk_path)
  File "/root/autodl-tmp/kfair/fastenv2/lib/python3.12/site-packages/transformers/models/qwen2_5_omni/modeling_qwen2_5_omni.py", line 3724, in load_speakers
    check_torch_load_is_safe()
  File "/root/autodl-tmp/kfair/fastenv2/lib/python3.12/site-packages/transformers/utils/import_utils.py", line 1647, in check_torch_load_is_safe
    raise ValueError(
ValueError: Due to a serious vulnerability issue in `torch.load`, even with `weights_only=True`, we now require users to upgrade torch to at least v2.6 in order to use the function. This version restriction does not apply when loading files with safetensors.
See the vulnerability report here https://nvd.nist.gov/vuln/detail/CVE-2025-32434
[2026-09-15T17:10:14] FAILED CalledProcessError(1, ('/root/autodl-tmp/kfair/fastenv2/bin/python', 'run_qwen_behavioral_replication.py', '--overwrite'))
Traceback (most recent call last):
  File "/root/autodl-tmp/kfair/code/run_high_priority_pipeline.py", line 86, in <module>
    main()
  File "/root/autodl-tmp/kfair/code/run_high_priority_pipeline.py", line 77, in main
    run("qwen_behavior", sys.executable, "run_qwen_behavioral_replication.py", "--overwrite")
  File "/root/autodl-tmp/kfair/code/run_high_priority_pipeline.py", line 42, in run
    subprocess.run(arguments, cwd=CODE, check=True, env=os.environ.copy())
  File "/root/miniconda3/lib/python3.12/subprocess.py", line 571, in run
    raise CalledProcessError(retcode, process.args,
subprocess.CalledProcessError: Command '('/root/autodl-tmp/kfair/fastenv2/bin/python', 'run_qwen_behavioral_replication.py', '--overwrite')' returned non-zero exit status 1.
